[2026-09-06 01:43:20] ==========================================================================
[2026-09-06 01:43:20] WEIGHT SWEEP start | device=cuda | configs=8 | protocols=['old', 'prism', 'toolbox'] | epochs<= 300 | root=/media/data/rPPG/Code/GitHub/Project_rPPG_Result/Result_GPU1_SE-Attention_Weight-Sweep_Pearson-Concentration
[2026-09-06 01:43:20]   SE_p09_c01            model=three_branch_mi_se_attention  weights={'pearson': 0.9, 'concentration': 0.1}
[2026-09-06 01:43:20]   SE_p08_c02            model=three_branch_mi_se_attention  weights={'pearson': 0.8, 'concentration': 0.2}
[2026-09-06 01:43:20]   SE_p07_c03            model=three_branch_mi_se_attention  weights={'pearson': 0.7, 'concentration': 0.3}
[2026-09-06 01:43:20]   SE_p06_c04            model=three_branch_mi_se_attention  weights={'pearson': 0.6, 'concentration': 0.4}
[2026-09-06 01:43:20]   SE_p05_c05            model=three_branch_mi_se_attention  weights={'pearson': 0.5, 'concentration': 0.5}
[2026-09-06 01:43:20]   SE_p10_c01            model=three_branch_mi_se_attention  weights={'pearson': 1.0, 'concentration': 0.1}
[2026-09-06 01:43:20]   SE_p10_c03            model=three_branch_mi_se_attention  weights={'pearson': 1.0, 'concentration': 0.3}
[2026-09-06 01:43:20]   SE_p10_c05            model=three_branch_mi_se_attention  weights={'pearson': 1.0, 'concentration': 0.5}
[2026-09-06 01:43:20] ==========================================================================
[2026-09-06 01:43:20] --------------------------------------------------------------------------
[2026-09-06 01:43:20] [1/8] RUN: SE_p09_c01  arch=three_branch_mi_se_attention  weights={'pearson': 0.9, 'concentration': 0.1}
[2026-09-06 01:43:21]   built 'three_branch_mi_se_attention': params=170031, reach=96 samples (3.20s @30fps)
[2026-09-06 01:43:21]   loss weights: {'pearson': 0.9, 'concentration': 0.1}
[2026-09-06 01:48:17]     epoch   1 | train_loss=1.0073 val_loss=0.9895 val_hr_mae=111.312 lr=3.0e-04
[2026-09-06 02:35:53]     epoch  10 | train_loss=0.4550 val_loss=0.3262 val_hr_mae=1.980 lr=3.0e-04
[2026-09-06 03:29:16]     epoch  20 | train_loss=0.4340 val_loss=0.3113 val_hr_mae=1.803 lr=3.0e-04
[2026-09-06 04:22:40]     epoch  30 | train_loss=0.4197 val_loss=0.3093 val_hr_mae=1.887 lr=3.0e-04
[2026-09-06 05:15:58]     epoch  40 | train_loss=0.4041 val_loss=0.2914 val_hr_mae=1.872 lr=1.5e-04
[2026-09-06 06:09:04]     epoch  50 | train_loss=0.3912 val_loss=0.2850 val_hr_mae=1.806 lr=1.5e-04
[2026-09-06 07:02:18]     epoch  60 | train_loss=0.3830 val_loss=0.2935 val_hr_mae=1.801 lr=7.5e-05
[2026-09-06 07:55:24]     epoch  70 | train_loss=0.3777 val_loss=0.2875 val_hr_mae=1.815 lr=3.7e-05
[2026-09-06 08:47:52]     epoch  80 | train_loss=0.3751 val_loss=0.2881 val_hr_mae=1.805 lr=1.0e-05
[2026-09-06 09:36:10]     epoch  90 | train_loss=0.3733 val_loss=0.2877 val_hr_mae=1.795 lr=1.0e-05
[2026-09-06 10:14:55]     early stop at epoch 98 (no val-loss improvement for 30)
[2026-09-06 10:14:55]   trained 'three_branch_mi_se_attention': epochs_run=98 best_val_loss=0.2830 best_val_hr_mae=1.740
[2026-09-06 10:14:55]   evaluating 'three_branch_mi_se_attention' under protocol 'old' ...
[2026-09-06 10:21:25]   WARNING: eval CSV not found at /media/data/rPPG/Code/GitHub/Project_rPPG_Result/Result_GPU1_SE-Attention_Weight-Sweep_Pearson-Concentration/SE_p09_c01/EVAL_PROTOCOL_old/tables/ALL_EVAL_RESULTS.csv
[2026-09-06 10:21:25]   evaluating 'three_branch_mi_se_attention' under protocol 'prism' ...
[2026-09-06 10:22:36]   evaluating 'three_branch_mi_se_attention' under protocol 'toolbox' ...
[2026-09-06 10:23:14]   DONE 'SE_p09_c01' [old]: val_model_mae=nan
[2026-09-06 10:23:14]   DONE 'SE_p09_c01' [prism]: val_model_mae=1.414
[2026-09-06 10:23:14]   DONE 'SE_p09_c01' [toolbox]: val_model_mae=0.391
[2026-09-06 10:23:14] 
PROTOCOL ABLATION (val model MAE, model x protocol):
[2026-09-06 10:23:14] 
protocol    prism  toolbox
model                     
SE_p09_c01  1.414    0.391
[2026-09-06 10:23:14] --------------------------------------------------------------------------
[2026-09-06 10:23:14] [2/8] RUN: SE_p08_c02  arch=three_branch_mi_se_attention  weights={'pearson': 0.8, 'concentration': 0.2}
[2026-09-06 10:23:14]   built 'three_branch_mi_se_attention': params=170031, reach=96 samples (3.20s @30fps)
[2026-09-06 10:23:14]   loss weights: {'pearson': 0.8, 'concentration': 0.2}
[2026-09-06 10:28:09]     epoch   1 | train_loss=1.0137 val_loss=0.9801 val_hr_mae=16.306 lr=3.0e-04
[2026-09-06 11:12:15]     epoch  10 | train_loss=0.9931 val_loss=0.9681 val_hr_mae=155.982 lr=3.0e-04
[2026-09-06 12:01:20]     epoch  20 | train_loss=0.5031 val_loss=0.3904 val_hr_mae=2.175 lr=3.0e-04
[2026-09-06 12:50:27]     epoch  30 | train_loss=0.4828 val_loss=0.3588 val_hr_mae=2.028 lr=3.0e-04
[2026-09-06 13:31:39]     epoch  40 | train_loss=0.4611 val_loss=0.3485 val_hr_mae=1.657 lr=3.0e-04
[2026-09-06 14:10:40]     epoch  50 | train_loss=0.4403 val_loss=0.3361 val_hr_mae=1.564 lr=1.5e-04
[2026-09-06 14:55:20]     epoch  60 | train_loss=0.4251 val_loss=0.3310 val_hr_mae=1.644 lr=7.5e-05
[2026-09-06 15:43:11]     epoch  70 | train_loss=0.4186 val_loss=0.3319 val_hr_mae=1.698 lr=3.7e-05
[2026-09-06 16:30:48]     epoch  80 | train_loss=0.4157 val_loss=0.3331 val_hr_mae=1.693 lr=1.0e-05
[2026-09-06 17:18:04]     epoch  90 | train_loss=0.4139 val_loss=0.3322 val_hr_mae=1.685 lr=1.0e-05
[2026-09-06 17:56:09]     early stop at epoch 98 (no val-loss improvement for 30)
[2026-09-06 17:56:09]   trained 'three_branch_mi_se_attention': epochs_run=98 best_val_loss=0.3278 best_val_hr_mae=1.564
[2026-09-06 17:56:09]   evaluating 'three_branch_mi_se_attention' under protocol 'old' ...
[2026-09-06 18:02:23]   WARNING: eval CSV not found at /media/data/rPPG/Code/GitHub/Project_rPPG_Result/Result_GPU1_SE-Attention_Weight-Sweep_Pearson-Concentration/SE_p08_c02/EVAL_PROTOCOL_old/tables/ALL_EVAL_RESULTS.csv
[2026-09-06 18:02:23]   evaluating 'three_branch_mi_se_attention' under protocol 'prism' ...
[2026-09-06 18:03:28]   evaluating 'three_branch_mi_se_attention' under protocol 'toolbox' ...
[2026-09-06 18:04:09]   DONE 'SE_p08_c02' [old]: val_model_mae=nan
[2026-09-06 18:04:09]   DONE 'SE_p08_c02' [prism]: val_model_mae=0.708
[2026-09-06 18:04:09]   DONE 'SE_p08_c02' [toolbox]: val_model_mae=0.344
[2026-09-06 18:04:09] 
PROTOCOL ABLATION (val model MAE, model x protocol):
[2026-09-06 18:04:09] 
protocol    prism  toolbox
model                     
SE_p08_c02  0.708    0.344
SE_p09_c01  1.414    0.391
[2026-09-06 18:04:09] --------------------------------------------------------------------------
[2026-09-06 18:04:09] [3/8] RUN: SE_p07_c03  arch=three_branch_mi_se_attention  weights={'pearson': 0.7, 'concentration': 0.3}
[2026-09-06 18:04:09]   built 'three_branch_mi_se_attention': params=170031, reach=96 samples (3.20s @30fps)
[2026-09-06 18:04:09]   loss weights: {'pearson': 0.7, 'concentration': 0.3}
[2026-09-06 18:09:01]     epoch   1 | train_loss=1.0200 val_loss=0.9693 val_hr_mae=14.422 lr=3.0e-04
[2026-09-06 18:52:07]     epoch  10 | train_loss=0.9732 val_loss=0.5560 val_hr_mae=4.180 lr=3.0e-04
[2026-09-06 19:39:32]     epoch  20 | train_loss=0.5534 val_loss=0.4356 val_hr_mae=2.138 lr=3.0e-04
[2026-09-06 20:22:07]     epoch  30 | train_loss=0.5370 val_loss=0.4283 val_hr_mae=2.008 lr=3.0e-04
[2026-09-06 21:01:31]     epoch  40 | train_loss=0.5161 val_loss=0.4160 val_hr_mae=1.937 lr=3.0e-04
[2026-09-06 21:46:32]     epoch  50 | train_loss=0.4978 val_loss=0.4048 val_hr_mae=1.816 lr=3.0e-04
[2026-09-06 22:33:04]     epoch  60 | train_loss=0.4760 val_loss=0.3958 val_hr_mae=1.824 lr=3.0e-04
[2026-09-06 23:16:14]     epoch  70 | train_loss=0.4554 val_loss=0.3948 val_hr_mae=1.769 lr=1.5e-04
[2026-09-06 23:55:47]     epoch  80 | train_loss=0.4469 val_loss=0.3930 val_hr_mae=1.796 lr=3.7e-05
[2026-09-07 00:36:13]     epoch  90 | train_loss=0.4423 val_loss=0.3932 val_hr_mae=1.864 lr=1.9e-05
[2026-09-07 01:09:14]     early stop at epoch 98 (no val-loss improvement for 30)
[2026-09-07 01:09:14]   trained 'three_branch_mi_se_attention': epochs_run=98 best_val_loss=0.3906 best_val_hr_mae=1.685
[2026-09-07 01:09:14]   evaluating 'three_branch_mi_se_attention' under protocol 'old' ...
[2026-09-07 01:15:04]   WARNING: eval CSV not found at /media/data/rPPG/Code/GitHub/Project_rPPG_Result/Result_GPU1_SE-Attention_Weight-Sweep_Pearson-Concentration/SE_p07_c03/EVAL_PROTOCOL_old/tables/ALL_EVAL_RESULTS.csv
[2026-09-07 01:15:04]   evaluating 'three_branch_mi_se_attention' under protocol 'prism' ...
[2026-09-07 01:16:05]   evaluating 'three_branch_mi_se_attention' under protocol 'toolbox' ...
[2026-09-07 01:16:40]   DONE 'SE_p07_c03' [old]: val_model_mae=nan
[2026-09-07 01:16:40]   DONE 'SE_p07_c03' [prism]: val_model_mae=1.260
[2026-09-07 01:16:40]   DONE 'SE_p07_c03' [toolbox]: val_model_mae=0.358
[2026-09-07 01:16:40] 
PROTOCOL ABLATION (val model MAE, model x protocol):
[2026-09-07 01:16:40] 
protocol    prism  toolbox
model                     
SE_p07_c03  1.260    0.358
SE_p08_c02  0.708    0.344
SE_p09_c01  1.414    0.391
[2026-09-07 01:16:40] --------------------------------------------------------------------------
[2026-09-07 01:16:40] [4/8] RUN: SE_p06_c04  arch=three_branch_mi_se_attention  weights={'pearson': 0.6, 'concentration': 0.4}
[2026-09-07 01:16:40]   built 'three_branch_mi_se_attention': params=170031, reach=96 samples (3.20s @30fps)
[2026-09-07 01:16:40]   loss weights: {'pearson': 0.6, 'concentration': 0.4}
[2026-09-07 01:20:50]     epoch   1 | train_loss=1.0263 val_loss=0.9590 val_hr_mae=32.592 lr=3.0e-04
[2026-09-07 01:56:59]     epoch  10 | train_loss=0.9856 val_loss=0.9317 val_hr_mae=36.441 lr=3.0e-04
[2026-09-07 02:42:06]     epoch  20 | train_loss=0.6248 val_loss=0.5147 val_hr_mae=2.172 lr=3.0e-04
[2026-09-07 03:34:48]     epoch  30 | train_loss=0.5961 val_loss=0.4847 val_hr_mae=2.047 lr=3.0e-04
[2026-09-07 04:27:06]     epoch  40 | train_loss=0.5805 val_loss=0.4692 val_hr_mae=1.932 lr=3.0e-04
[2026-09-07 05:19:38]     epoch  50 | train_loss=0.5641 val_loss=0.4518 val_hr_mae=1.857 lr=1.5e-04
[2026-09-07 06:10:11]     epoch  60 | train_loss=0.5566 val_loss=0.4553 val_hr_mae=1.824 lr=1.5e-04
[2026-09-07 06:59:08]     epoch  70 | train_loss=0.5473 val_loss=0.4492 val_hr_mae=1.754 lr=7.5e-05
[2026-09-07 07:48:09]     epoch  80 | train_loss=0.5426 val_loss=0.4443 val_hr_mae=1.725 lr=7.5e-05
[2026-09-07 08:37:00]     epoch  90 | train_loss=0.5367 val_loss=0.4433 val_hr_mae=1.706 lr=3.7e-05
[2026-09-07 09:26:02]     epoch 100 | train_loss=0.5345 val_loss=0.4440 val_hr_mae=1.744 lr=1.0e-05
[2026-09-07 10:14:56]     epoch 110 | train_loss=0.5341 val_loss=0.4415 val_hr_mae=1.714 lr=1.0e-05
[2026-09-07 10:39:25]     early stop at epoch 115 (no val-loss improvement for 30)
[2026-09-07 10:39:25]   trained 'three_branch_mi_se_attention': epochs_run=115 best_val_loss=0.4412 best_val_hr_mae=1.701
[2026-09-07 10:39:25]   evaluating 'three_branch_mi_se_attention' under protocol 'old' ...
[2026-09-07 10:46:03]   WARNING: eval CSV not found at /media/data/rPPG/Code/GitHub/Project_rPPG_Result/Result_GPU1_SE-Attention_Weight-Sweep_Pearson-Concentration/SE_p06_c04/EVAL_PROTOCOL_old/tables/ALL_EVAL_RESULTS.csv
[2026-09-07 10:46:03]   evaluating 'three_branch_mi_se_attention' under protocol 'prism' ...
[2026-09-07 10:47:12]   evaluating 'three_branch_mi_se_attention' under protocol 'toolbox' ...
[2026-09-07 10:47:54]   DONE 'SE_p06_c04' [old]: val_model_mae=nan
[2026-09-07 10:47:54]   DONE 'SE_p06_c04' [prism]: val_model_mae=1.064
[2026-09-07 10:47:54]   DONE 'SE_p06_c04' [toolbox]: val_model_mae=0.491
[2026-09-07 10:47:54] 
PROTOCOL ABLATION (val model MAE, model x protocol):
[2026-09-07 10:47:54] 
protocol    prism  toolbox
model                     
SE_p06_c04  1.064    0.491
SE_p07_c03  1.260    0.358
SE_p08_c02  0.708    0.344
SE_p09_c01  1.414    0.391
[2026-09-07 10:47:54] --------------------------------------------------------------------------
[2026-09-07 10:47:54] [5/8] RUN: SE_p05_c05  arch=three_branch_mi_se_attention  weights={'pearson': 0.5, 'concentration': 0.5}
[2026-09-07 10:47:54]   built 'three_branch_mi_se_attention': params=170031, reach=96 samples (3.20s @30fps)
[2026-09-07 10:47:54]   loss weights: {'pearson': 0.5, 'concentration': 0.5}
[2026-09-07 10:52:59]     epoch   1 | train_loss=1.0322 val_loss=0.9476 val_hr_mae=15.237 lr=3.0e-04
[2026-09-07 11:38:23]     epoch  10 | train_loss=0.9977 val_loss=0.9324 val_hr_mae=21.736 lr=3.0e-04
[2026-09-07 12:20:23]     epoch  20 | train_loss=0.7225 val_loss=0.6263 val_hr_mae=2.304 lr=3.0e-04
[2026-09-07 13:03:53]     epoch  30 | train_loss=0.6585 val_loss=0.5530 val_hr_mae=2.027 lr=3.0e-04
[2026-09-07 13:56:54]     epoch  40 | train_loss=0.6391 val_loss=0.5308 val_hr_mae=2.123 lr=3.0e-04
[2026-09-07 14:50:30]     epoch  50 | train_loss=0.6224 val_loss=0.5232 val_hr_mae=1.976 lr=3.0e-04
[2026-09-07 15:43:12]     epoch  60 | train_loss=0.6077 val_loss=0.5170 val_hr_mae=2.002 lr=3.0e-04
[2026-09-07 16:35:49]     epoch  70 | train_loss=0.5933 val_loss=0.5073 val_hr_mae=1.729 lr=3.0e-04
[2026-09-07 17:28:24]     epoch  80 | train_loss=0.5708 val_loss=0.4937 val_hr_mae=1.763 lr=3.0e-04
[2026-09-07 18:21:02]     epoch  90 | train_loss=0.5443 val_loss=0.4712 val_hr_mae=1.713 lr=3.0e-04
[2026-09-07 19:13:38]     epoch 100 | train_loss=0.5249 val_loss=0.4707 val_hr_mae=1.634 lr=1.5e-04
[2026-09-07 20:06:19]     epoch 110 | train_loss=0.5172 val_loss=0.4725 val_hr_mae=1.942 lr=7.5e-05
[2026-09-07 20:59:00]     epoch 120 | train_loss=0.5091 val_loss=0.4680 val_hr_mae=1.895 lr=3.7e-05
[2026-09-07 21:52:14]     epoch 130 | train_loss=0.5075 val_loss=0.4654 val_hr_mae=1.816 lr=1.0e-05
[2026-09-07 22:45:40]     epoch 140 | train_loss=0.5049 val_loss=0.4646 val_hr_mae=1.771 lr=1.0e-05
[2026-09-07 23:28:13]     early stop at epoch 148 (no val-loss improvement for 30)
[2026-09-07 23:28:13]   trained 'three_branch_mi_se_attention': epochs_run=148 best_val_loss=0.4636 best_val_hr_mae=1.609
[2026-09-07 23:28:13]   evaluating 'three_branch_mi_se_attention' under protocol 'old' ...
[2026-09-07 23:35:12]   WARNING: eval CSV not found at /media/data/rPPG/Code/GitHub/Project_rPPG_Result/Result_GPU1_SE-Attention_Weight-Sweep_Pearson-Concentration/SE_p05_c05/EVAL_PROTOCOL_old/tables/ALL_EVAL_RESULTS.csv
[2026-09-07 23:35:12]   evaluating 'three_branch_mi_se_attention' under protocol 'prism' ...
[2026-09-07 23:36:27]   evaluating 'three_branch_mi_se_attention' under protocol 'toolbox' ...
[2026-09-07 23:37:13]   DONE 'SE_p05_c05' [old]: val_model_mae=nan
[2026-09-07 23:37:13]   DONE 'SE_p05_c05' [prism]: val_model_mae=1.748
[2026-09-07 23:37:13]   DONE 'SE_p05_c05' [toolbox]: val_model_mae=0.664
[2026-09-07 23:37:13] 
PROTOCOL ABLATION (val model MAE, model x protocol):
[2026-09-07 23:37:13] 
protocol    prism  toolbox
model                     
SE_p05_c05  1.748    0.664
SE_p06_c04  1.064    0.491
SE_p07_c03  1.260    0.358
SE_p08_c02  0.708    0.344
SE_p09_c01  1.414    0.391
[2026-09-07 23:37:13] --------------------------------------------------------------------------
[2026-09-07 23:37:13] [6/8] RUN: SE_p10_c01  arch=three_branch_mi_se_attention  weights={'pearson': 1.0, 'concentration': 0.1}
[2026-09-07 23:37:13]   built 'three_branch_mi_se_attention': params=170031, reach=96 samples (3.20s @30fps)
[2026-09-07 23:37:13]   loss weights: {'pearson': 1.0, 'concentration': 0.1}
[2026-09-07 23:42:25]     epoch   1 | train_loss=1.1076 val_loss=1.0896 val_hr_mae=111.997 lr=3.0e-04
[2026-09-08 00:29:36]     epoch  10 | train_loss=1.1003 val_loss=1.0874 val_hr_mae=160.632 lr=3.0e-04
[2026-09-08 01:22:35]     epoch  20 | train_loss=0.5063 val_loss=0.3896 val_hr_mae=2.302 lr=3.0e-04
[2026-09-08 02:11:22]     epoch  30 | train_loss=0.4894 val_loss=0.3594 val_hr_mae=2.015 lr=3.0e-04
[2026-09-08 02:59:02]     epoch  40 | train_loss=0.4774 val_loss=0.3341 val_hr_mae=1.967 lr=3.0e-04
[2026-09-08 03:46:40]     epoch  50 | train_loss=0.4691 val_loss=0.3319 val_hr_mae=1.873 lr=1.5e-04
[2026-09-08 04:36:15]     epoch  60 | train_loss=0.4638 val_loss=0.3235 val_hr_mae=1.909 lr=1.5e-04
[2026-09-08 05:25:25]     epoch  70 | train_loss=0.4561 val_loss=0.3153 val_hr_mae=1.860 lr=7.5e-05
[2026-09-08 06:14:27]     epoch  80 | train_loss=0.4509 val_loss=0.3105 val_hr_mae=1.941 lr=7.5e-05
[2026-09-08 07:03:18]     epoch  90 | train_loss=0.4446 val_loss=0.3103 val_hr_mae=1.862 lr=7.5e-05
[2026-09-08 07:50:53]     epoch 100 | train_loss=0.4405 val_loss=0.3082 val_hr_mae=1.680 lr=3.7e-05
[2026-09-08 08:34:19]     epoch 110 | train_loss=0.4388 val_loss=0.3038 val_hr_mae=1.817 lr=1.9e-05
[2026-09-08 09:12:50]     epoch 120 | train_loss=0.4378 val_loss=0.3043 val_hr_mae=1.761 lr=1.0e-05
[2026-09-08 09:51:19]     epoch 130 | train_loss=0.4384 val_loss=0.3042 val_hr_mae=1.780 lr=1.0e-05
[2026-09-08 10:29:48]     epoch 140 | train_loss=0.4360 val_loss=0.3059 val_hr_mae=1.684 lr=1.0e-05
[2026-09-08 11:08:14]     epoch 150 | train_loss=0.4349 val_loss=0.3048 val_hr_mae=1.717 lr=1.0e-05
[2026-09-08 11:46:46]     epoch 160 | train_loss=0.4350 val_loss=0.3023 val_hr_mae=1.726 lr=1.0e-05
[2026-09-08 12:25:15]     epoch 170 | train_loss=0.4352 val_loss=0.3007 val_hr_mae=1.803 lr=1.0e-05
[2026-09-08 13:03:47]     epoch 180 | train_loss=0.4333 val_loss=0.3037 val_hr_mae=1.679 lr=1.0e-05
[2026-09-08 13:42:17]     epoch 190 | train_loss=0.4337 val_loss=0.3034 val_hr_mae=1.710 lr=1.0e-05
[2026-09-08 14:23:16]     epoch 200 | train_loss=0.4332 val_loss=0.3044 val_hr_mae=1.750 lr=1.0e-05
[2026-09-08 14:23:16]     early stop at epoch 200 (no val-loss improvement for 30)
[2026-09-08 14:23:16]   trained 'three_branch_mi_se_attention': epochs_run=200 best_val_loss=0.3007 best_val_hr_mae=1.627
[2026-09-08 14:23:16]   evaluating 'three_branch_mi_se_attention' under protocol 'old' ...
[2026-09-08 14:29:34]   WARNING: eval CSV not found at /media/data/rPPG/Code/GitHub/Project_rPPG_Result/Result_GPU1_SE-Attention_Weight-Sweep_Pearson-Concentration/SE_p10_c01/EVAL_PROTOCOL_old/tables/ALL_EVAL_RESULTS.csv
[2026-09-08 14:29:34]   evaluating 'three_branch_mi_se_attention' under protocol 'prism' ...
[2026-09-08 14:30:39]   evaluating 'three_branch_mi_se_attention' under protocol 'toolbox' ...
[2026-09-08 14:31:17]   DONE 'SE_p10_c01' [old]: val_model_mae=nan
[2026-09-08 14:31:17]   DONE 'SE_p10_c01' [prism]: val_model_mae=0.697
[2026-09-08 14:31:17]   DONE 'SE_p10_c01' [toolbox]: val_model_mae=0.315
[2026-09-08 14:31:17] 
PROTOCOL ABLATION (val model MAE, model x protocol):
[2026-09-08 14:31:17] 
protocol    prism  toolbox
model                     
SE_p05_c05  1.748    0.664
SE_p06_c04  1.064    0.491
SE_p07_c03  1.260    0.358
SE_p08_c02  0.708    0.344
SE_p09_c01  1.414    0.391
SE_p10_c01  0.697    0.315
[2026-09-08 14:31:17] --------------------------------------------------------------------------
[2026-09-08 14:31:17] [7/8] RUN: SE_p10_c03  arch=three_branch_mi_se_attention  weights={'pearson': 1.0, 'concentration': 0.3}
[2026-09-08 14:31:17]   built 'three_branch_mi_se_attention': params=170031, reach=96 samples (3.20s @30fps)
[2026-09-08 14:31:17]   loss weights: {'pearson': 1.0, 'concentration': 0.3}
[2026-09-08 14:35:52]     epoch   1 | train_loss=1.3200 val_loss=1.2711 val_hr_mae=16.846 lr=3.0e-04
