[BATCH] RUN_EVAL is False — reusing existing evaluation:
        /media/data/rPPG/Code/GitHub/Project_rPPG/Code/main_2/Result_Lab_OLD/simple_tcn_rf121_h8/EVAL_WIN_S-8.0/tables/PSD_TOP_PEAKS_SUMMARY.csv

==============================================================================
STAGE 1/2 — diagnosis_psd.py
==============================================================================

Loading data from /media/data/rPPG/Code/GitHub/Project_rPPG/Code/main_2/Result_Lab_OLD/simple_tcn_rf121_h8/EVAL_WIN_S-8.0/tables/PSD_TOP_PEAKS_SUMMARY.csv …
Loaded 7,185 windows from /media/data/rPPG/Code/GitHub/Project_rPPG/Code/main_2/Result_Lab_OLD/simple_tcn_rf121_h8/EVAL_WIN_S-8.0/tables/PSD_TOP_PEAKS_SUMMARY.csv
Datasets: {'PURE': 3670, 'UBFC': 2462, 'TokyoTech': 1053}

Building report …
  Generating section A …
  Generating section B …
  Generating section C …
  Generating section D …
  Generating section E …
  Generating section F …
  Generating section G …
  Computing analysis text …

Report saved → /media/data/rPPG/Code/GitHub/Project_rPPG/Code/main_2/Result_Lab_OLD/simple_tcn_rf121_h8/EVAL_WIN_S-8.0/failure_atlas.html
File size:  83 KB

Open the .html file in any browser — all charts are interactive.
[BATCH] Completed STAGE 1/2 — diagnosis_psd.py in 0.0 min

==============================================================================
STAGE 2/2 — diagnosis_psd_subjects.py
==============================================================================

Loading data …
Loaded 7,185 windows | 3 datasets | 182 subjects
Computing per-subject statistics …
  182 subjects processed
Generating subject summaries …
  Classification CSV → /media/data/rPPG/Code/GitHub/Project_rPPG/Code/main_2/Result_Lab_OLD/simple_tcn_rf121_h8/EVAL_WIN_S-8.0/subject_classification.csv
Building interactive HTML …
  HTML report → /media/data/rPPG/Code/GitHub/Project_rPPG/Code/main_2/Result_Lab_OLD/simple_tcn_rf121_h8/EVAL_WIN_S-8.0/subject_atlas.html  (873 KB)

============================================================
SUBJECT RISK SUMMARY
============================================================
  🟢 LOW       : 0 subjects
  🟡 MEDIUM    : 0 subjects
  🟠 HIGH      : 0 subjects
  🔴 CRITICAL  : 182 subjects

Top 5 subjects by model error rate:
  🔴 PURE         '01-01                     MAE=22.37  errors=100.0%  dominant=3bin
  🔴 PURE         '01-02                     MAE=28.49  errors=100.0%  dominant=large_error
  🔴 PURE         '01-03                     MAE=31.59  errors=100.0%  dominant=large_error
  🔴 PURE         '01-04                     MAE=29.30  errors=100.0%  dominant=large_error
  🔴 PURE         '01-05                     MAE=24.62  errors=100.0%  dominant=3bin

Open subject_atlas.html in any browser.
[BATCH] Completed STAGE 2/2 — diagnosis_psd_subjects.py in 0.0 min
