[2026-07-24 14:37:36] ======================================================================
[2026-07-24 14:37:36] MEGA RUN start | device=cuda | models=8 | epochs<= 300 | root=Result_Lab_GT-Ranged_Fixed/TCN_CANONICAL_RF_SWEEP
[2026-07-24 14:37:36] models: ['tcn_rf31', 'tcn_rf61', 'tcn_rf121', 'tcn_rf253', 'tcn_rf31_causal', 'tcn_rf61_causal', 'tcn_rf121_causal', 'tcn_rf253_causal']
[2026-07-24 14:37:36] ======================================================================
[2026-07-24 14:37:36] ----------------------------------------------------------------------
[2026-07-24 14:37:36] [1/8] MODEL: tcn_rf31
[2026-07-24 14:37:36]   built 'tcn_rf31': params=4257, reach=29 samples (0.97s @30fps)
[2026-07-24 14:42:18]     epoch   1 | train_loss=3.1598 val_loss=3.1027 val_hr_mae=154.470 lr=3.0e-04
[2026-07-24 15:20:45]     epoch  10 | train_loss=3.1354 val_loss=3.0987 val_hr_mae=154.463 lr=3.0e-04
[2026-07-24 16:01:25]     epoch  20 | train_loss=3.1344 val_loss=3.0922 val_hr_mae=154.449 lr=1.5e-04
[2026-07-24 16:42:02]     epoch  30 | train_loss=3.0334 val_loss=3.0130 val_hr_mae=3.916 lr=1.5e-04
[2026-07-24 17:22:48]     epoch  40 | train_loss=3.0310 val_loss=3.0114 val_hr_mae=3.998 lr=7.5e-05
[2026-07-24 18:03:31]     epoch  50 | train_loss=3.0318 val_loss=3.0100 val_hr_mae=3.816 lr=1.9e-05
[2026-07-24 18:44:10]     epoch  60 | train_loss=3.0301 val_loss=3.0089 val_hr_mae=3.871 lr=1.0e-05
[2026-07-24 18:52:22]     early stop at epoch 62 (no val-loss improvement for 30)
[2026-07-24 18:52:22]   trained 'tcn_rf31': epochs_run=62 best_val_loss=3.0081 best_val_hr_mae=3.753
[2026-07-24 18:57:45]   WARNING: eval CSV not found at Result_Lab_GT-Ranged_Fixed/TCN_CANONICAL_RF_SWEEP/tcn_rf31/last-EVAL_WIN_S-8.0/tables/ALL_EVAL_RESULTS.csv
[2026-07-24 18:57:45]   DONE 'tcn_rf31': val_model_mae=nan val_chrom_mae=nan
[2026-07-24 18:57:45] ----------------------------------------------------------------------
[2026-07-24 18:57:45] [2/8] MODEL: tcn_rf61
[2026-07-24 18:57:45]   built 'tcn_rf61': params=5857, reach=61 samples (2.03s @30fps)
[2026-07-24 19:01:54]     epoch   1 | train_loss=3.1381 val_loss=3.0848 val_hr_mae=5.520 lr=3.0e-04
[2026-07-24 19:38:54]     epoch  10 | train_loss=3.0811 val_loss=3.0727 val_hr_mae=4.684 lr=3.0e-04
[2026-07-24 20:20:05]     epoch  20 | train_loss=3.0617 val_loss=3.0614 val_hr_mae=4.377 lr=7.5e-05
[2026-07-24 21:01:16]     epoch  30 | train_loss=3.0461 val_loss=3.0334 val_hr_mae=4.061 lr=7.5e-05
[2026-07-24 21:42:35]     epoch  40 | train_loss=3.0423 val_loss=3.0261 val_hr_mae=4.085 lr=7.5e-05
[2026-07-24 22:23:58]     epoch  50 | train_loss=3.0433 val_loss=3.0184 val_hr_mae=3.915 lr=7.5e-05
[2026-07-24 23:05:09]     epoch  60 | train_loss=3.0387 val_loss=3.0202 val_hr_mae=3.986 lr=3.7e-05
[2026-07-24 23:46:42]     epoch  70 | train_loss=3.0385 val_loss=3.0211 val_hr_mae=3.974 lr=1.0e-05
[2026-07-25 00:29:57]     epoch  80 | train_loss=3.0393 val_loss=3.0187 val_hr_mae=3.932 lr=1.0e-05
[2026-07-25 01:15:22]     epoch  90 | train_loss=3.0397 val_loss=3.0198 val_hr_mae=3.718 lr=1.0e-05
[2026-07-25 02:01:10]     epoch 100 | train_loss=3.0555 val_loss=3.0532 val_hr_mae=4.153 lr=1.0e-05
[2026-07-25 02:44:35]     epoch 110 | train_loss=3.0442 val_loss=3.0319 val_hr_mae=3.986 lr=1.0e-05
[2026-07-25 03:23:27]     early stop at epoch 119 (no val-loss improvement for 30)
[2026-07-25 03:23:27]   trained 'tcn_rf61': epochs_run=119 best_val_loss=3.0156 best_val_hr_mae=3.635
[2026-07-25 03:29:10]   WARNING: eval CSV not found at Result_Lab_GT-Ranged_Fixed/TCN_CANONICAL_RF_SWEEP/tcn_rf61/last-EVAL_WIN_S-8.0/tables/ALL_EVAL_RESULTS.csv
[2026-07-25 03:29:10]   DONE 'tcn_rf61': val_model_mae=nan val_chrom_mae=nan
[2026-07-25 03:29:10] ----------------------------------------------------------------------
[2026-07-25 03:29:10] [3/8] MODEL: tcn_rf121
[2026-07-25 03:29:10]   built 'tcn_rf121': params=7457, reach=125 samples (4.17s @30fps)
[2026-07-25 03:33:31]     epoch   1 | train_loss=3.1284 val_loss=3.0676 val_hr_mae=5.638 lr=3.0e-04
[2026-07-25 04:10:55]     epoch  10 | train_loss=3.0801 val_loss=3.0682 val_hr_mae=4.803 lr=3.0e-04
[2026-07-25 04:52:25]     epoch  20 | train_loss=3.0790 val_loss=3.0708 val_hr_mae=4.761 lr=7.5e-05
[2026-07-25 05:33:38]     epoch  30 | train_loss=3.0782 val_loss=3.0685 val_hr_mae=4.690 lr=1.9e-05
[2026-07-25 05:54:21]     early stop at epoch 35 (no val-loss improvement for 30)
[2026-07-25 05:54:21]   trained 'tcn_rf121': epochs_run=35 best_val_loss=3.0572 best_val_hr_mae=4.663
[2026-07-25 06:00:03]   WARNING: eval CSV not found at Result_Lab_GT-Ranged_Fixed/TCN_CANONICAL_RF_SWEEP/tcn_rf121/last-EVAL_WIN_S-8.0/tables/ALL_EVAL_RESULTS.csv
[2026-07-25 06:00:03]   DONE 'tcn_rf121': val_model_mae=nan val_chrom_mae=nan
[2026-07-25 06:00:03] ----------------------------------------------------------------------
[2026-07-25 06:00:03] [4/8] MODEL: tcn_rf253
[2026-07-25 06:00:03]   built 'tcn_rf253': params=9057, reach=253 samples (8.43s @30fps)
[2026-07-25 06:04:13]     epoch   1 | train_loss=3.1797 val_loss=3.1204 val_hr_mae=150.282 lr=3.0e-04
[2026-07-25 06:41:38]     epoch  10 | train_loss=3.1342 val_loss=3.1021 val_hr_mae=154.470 lr=3.0e-04
[2026-07-25 07:23:12]     epoch  20 | train_loss=3.1319 val_loss=3.1048 val_hr_mae=154.470 lr=7.5e-05
[2026-07-25 08:04:45]     epoch  30 | train_loss=3.1274 val_loss=3.1039 val_hr_mae=154.463 lr=1.9e-05
[2026-07-25 08:25:35]     early stop at epoch 35 (no val-loss improvement for 30)
[2026-07-25 08:25:35]   trained 'tcn_rf253': epochs_run=35 best_val_loss=3.0939 best_val_hr_mae=150.282
[2026-07-25 08:31:29]   WARNING: eval CSV not found at Result_Lab_GT-Ranged_Fixed/TCN_CANONICAL_RF_SWEEP/tcn_rf253/last-EVAL_WIN_S-8.0/tables/ALL_EVAL_RESULTS.csv
[2026-07-25 08:31:29]   DONE 'tcn_rf253': val_model_mae=nan val_chrom_mae=nan
[2026-07-25 08:31:29] ----------------------------------------------------------------------
[2026-07-25 08:31:29] [5/8] MODEL: tcn_rf31_causal
[2026-07-25 08:31:29]   built 'tcn_rf31_causal': params=4257, reach=29 samples (0.97s @30fps)
[2026-07-25 08:35:37]     epoch   1 | train_loss=3.1567 val_loss=3.1035 val_hr_mae=148.926 lr=3.0e-04
[2026-07-25 09:12:34]     epoch  10 | train_loss=3.1345 val_loss=3.0970 val_hr_mae=25.870 lr=3.0e-04
[2026-07-25 09:53:28]     epoch  20 | train_loss=3.0484 val_loss=3.0262 val_hr_mae=3.787 lr=1.5e-04
[2026-07-25 10:34:24]     epoch  30 | train_loss=3.0413 val_loss=3.0280 val_hr_mae=3.969 lr=7.5e-05
[2026-07-25 11:15:33]     epoch  40 | train_loss=3.0411 val_loss=3.0268 val_hr_mae=4.059 lr=3.7e-05
[2026-07-25 11:56:43]     epoch  50 | train_loss=3.0424 val_loss=3.0259 val_hr_mae=3.822 lr=1.0e-05
[2026-07-25 12:37:45]     epoch  60 | train_loss=3.0410 val_loss=3.0256 val_hr_mae=3.869 lr=1.0e-05
[2026-07-25 12:45:58]     early stop at epoch 62 (no val-loss improvement for 30)
[2026-07-25 12:45:58]   trained 'tcn_rf31_causal': epochs_run=62 best_val_loss=3.0227 best_val_hr_mae=3.693
[2026-07-25 12:51:18]   WARNING: eval CSV not found at Result_Lab_GT-Ranged_Fixed/TCN_CANONICAL_RF_SWEEP/tcn_rf31_causal/last-EVAL_WIN_S-8.0/tables/ALL_EVAL_RESULTS.csv
[2026-07-25 12:51:18]   DONE 'tcn_rf31_causal': val_model_mae=nan val_chrom_mae=nan
[2026-07-25 12:51:18] ----------------------------------------------------------------------
[2026-07-25 12:51:18] [6/8] MODEL: tcn_rf61_causal
[2026-07-25 12:51:18]   built 'tcn_rf61_causal': params=5857, reach=61 samples (2.03s @30fps)
[2026-07-25 12:55:26]     epoch   1 | train_loss=3.1389 val_loss=3.0864 val_hr_mae=6.025 lr=3.0e-04
[2026-07-25 13:32:30]     epoch  10 | train_loss=3.0908 val_loss=3.0900 val_hr_mae=5.145 lr=1.5e-04
[2026-07-25 14:13:47]     epoch  20 | train_loss=3.0916 val_loss=3.0863 val_hr_mae=5.075 lr=3.7e-05
[2026-07-25 14:54:45]     epoch  30 | train_loss=3.0890 val_loss=3.0832 val_hr_mae=4.935 lr=1.9e-05
[2026-07-25 15:03:01]     early stop at epoch 32 (no val-loss improvement for 30)
[2026-07-25 15:03:01]   trained 'tcn_rf61_causal': epochs_run=32 best_val_loss=3.0755 best_val_hr_mae=4.838
[2026-07-25 15:08:29]   WARNING: eval CSV not found at Result_Lab_GT-Ranged_Fixed/TCN_CANONICAL_RF_SWEEP/tcn_rf61_causal/last-EVAL_WIN_S-8.0/tables/ALL_EVAL_RESULTS.csv
[2026-07-25 15:08:29]   DONE 'tcn_rf61_causal': val_model_mae=nan val_chrom_mae=nan
[2026-07-25 15:08:29] ----------------------------------------------------------------------
[2026-07-25 15:08:29] [7/8] MODEL: tcn_rf121_causal
[2026-07-25 15:08:29]   built 'tcn_rf121_causal': params=7457, reach=125 samples (4.17s @30fps)
[2026-07-25 15:12:39]     epoch   1 | train_loss=3.1390 val_loss=3.0755 val_hr_mae=5.193 lr=3.0e-04
[2026-07-25 15:50:05]     epoch  10 | train_loss=3.0925 val_loss=3.0822 val_hr_mae=5.265 lr=3.0e-04
[2026-07-25 16:31:40]     epoch  20 | train_loss=3.0894 val_loss=3.0884 val_hr_mae=4.920 lr=7.5e-05
[2026-07-25 17:13:02]     epoch  30 | train_loss=3.0881 val_loss=3.0836 val_hr_mae=4.920 lr=1.9e-05
[2026-07-25 17:33:49]     early stop at epoch 35 (no val-loss improvement for 30)
[2026-07-25 17:33:49]   trained 'tcn_rf121_causal': epochs_run=35 best_val_loss=3.0690 best_val_hr_mae=4.740
[2026-07-25 17:39:31]   WARNING: eval CSV not found at Result_Lab_GT-Ranged_Fixed/TCN_CANONICAL_RF_SWEEP/tcn_rf121_causal/last-EVAL_WIN_S-8.0/tables/ALL_EVAL_RESULTS.csv
[2026-07-25 17:39:31]   DONE 'tcn_rf121_causal': val_model_mae=nan val_chrom_mae=nan
[2026-07-25 17:39:31] ----------------------------------------------------------------------
[2026-07-25 17:39:31] [8/8] MODEL: tcn_rf253_causal
[2026-07-25 17:39:31]   built 'tcn_rf253_causal': params=9057, reach=253 samples (8.43s @30fps)
[2026-07-25 17:43:43]     epoch   1 | train_loss=5.0134 val_loss=4.8603 val_hr_mae=37.242 lr=3.0e-04
[2026-07-25 18:22:27]     epoch  10 | train_loss=4.9973 val_loss=4.8240 val_hr_mae=36.796 lr=1.5e-04
[2026-07-25 19:05:23]     epoch  20 | train_loss=4.9968 val_loss=4.8132 val_hr_mae=36.796 lr=7.5e-05
[2026-07-25 19:48:29]     epoch  30 | train_loss=4.9955 val_loss=4.8180 val_hr_mae=36.796 lr=1.9e-05
[2026-07-25 20:31:44]     epoch  40 | train_loss=4.9957 val_loss=4.8242 val_hr_mae=36.796 lr=1.0e-05
[2026-07-25 21:14:48]     epoch  50 | train_loss=4.9946 val_loss=4.8220 val_hr_mae=36.796 lr=1.0e-05
[2026-07-25 21:27:48]     early stop at epoch 53 (no val-loss improvement for 30)
[2026-07-25 21:27:48]   trained 'tcn_rf253_causal': epochs_run=53 best_val_loss=4.8043 best_val_hr_mae=35.905
[2026-07-25 21:34:04]   WARNING: eval CSV not found at Result_Lab_GT-Ranged_Fixed/TCN_CANONICAL_RF_SWEEP/tcn_rf253_causal/last-EVAL_WIN_S-8.0/tables/ALL_EVAL_RESULTS.csv
[2026-07-25 21:34:04]   DONE 'tcn_rf253_causal': val_model_mae=nan val_chrom_mae=nan
[2026-07-25 21:34:04] ======================================================================
[2026-07-25 21:34:04] MEGA RUN complete. Summary -> Result_Lab_GT-Ranged_Fixed/TCN_CANONICAL_RF_SWEEP/MEGA_SUMMARY.csv
[2026-07-25 21:34:04] ======================================================================
