[2026-08-12 14:48:45] ======================================================================
[2026-08-12 14:48:45] MEGA RUN start | device=cuda | models=3 | epochs<= 300 | root=/media/data/rPPG/Code/GitHub/Project_rPPG_Result/Result_Lab_MultiBranch_STANDALONE
[2026-08-12 14:48:45] models: ['branch1_projector', 'branch2_tcn_rf31_h8', 'branch3_unet']
[2026-08-12 14:48:45] ======================================================================
[2026-08-12 14:48:45] ----------------------------------------------------------------------
[2026-08-12 14:48:45] [1/3] MODEL: branch1_projector
[2026-08-12 14:48:45]   built 'branch1_projector': params=3, reach=1 samples (0.03s @30fps)
[2026-08-12 14:53:16]     epoch   1 | train_loss=3.4215 val_loss=3.0507 val_hr_mae=4.683 lr=3.0e-04
[2026-08-12 15:33:13]     epoch  10 | train_loss=3.0969 val_loss=3.0653 val_hr_mae=5.017 lr=1.5e-04
[2026-08-12 16:16:02]     epoch  20 | train_loss=3.0978 val_loss=3.0660 val_hr_mae=5.072 lr=3.7e-05
[2026-08-12 16:58:46]     epoch  30 | train_loss=3.0952 val_loss=3.0660 val_hr_mae=5.072 lr=1.9e-05
[2026-08-12 17:03:03]     early stop at epoch 31 (no val-loss improvement for 30)
[2026-08-12 17:03:03]   trained 'branch1_projector': epochs_run=31 best_val_loss=3.0507 best_val_hr_mae=4.683
[2026-08-12 17:07:45]   WARNING: eval CSV not found at /media/data/rPPG/Code/GitHub/Project_rPPG_Result/Result_Lab_MultiBranch_STANDALONE/branch1_projector/last-EVAL_WIN_S-8.0/tables/ALL_EVAL_RESULTS.csv
[2026-08-12 17:07:45]   DONE 'branch1_projector': val_model_mae=nan val_chrom_mae=nan
[2026-08-12 17:07:45] ----------------------------------------------------------------------
[2026-08-12 17:07:45] [2/3] MODEL: branch2_tcn_rf31_h8
[2026-08-12 17:07:45]   built 'branch2_tcn_rf31_h8': params=1169, reach=29 samples (0.97s @30fps)
[2026-08-12 17:12:11]     epoch   1 | train_loss=3.1459 val_loss=3.0913 val_hr_mae=11.773 lr=3.0e-04
[2026-08-12 17:51:44]     epoch  10 | train_loss=3.0503 val_loss=3.0144 val_hr_mae=3.795 lr=3.0e-04
[2026-08-12 18:35:42]     epoch  20 | train_loss=3.0446 val_loss=3.0175 val_hr_mae=4.082 lr=3.0e-04
[2026-08-12 19:19:46]     epoch  30 | train_loss=3.0357 val_loss=3.0120 val_hr_mae=3.794 lr=7.5e-05
[2026-08-12 20:03:45]     epoch  40 | train_loss=3.0356 val_loss=3.0125 val_hr_mae=3.935 lr=3.7e-05
[2026-08-12 20:47:53]     epoch  50 | train_loss=3.0374 val_loss=3.0121 val_hr_mae=3.857 lr=1.0e-05
[2026-08-12 21:32:12]     epoch  60 | train_loss=3.0350 val_loss=3.0119 val_hr_mae=3.752 lr=1.0e-05
[2026-08-12 21:36:38]     early stop at epoch 61 (no val-loss improvement for 30)
[2026-08-12 21:36:38]   trained 'branch2_tcn_rf31_h8': epochs_run=61 best_val_loss=3.0104 best_val_hr_mae=3.732
[2026-08-12 21:41:59]   WARNING: eval CSV not found at /media/data/rPPG/Code/GitHub/Project_rPPG_Result/Result_Lab_MultiBranch_STANDALONE/branch2_tcn_rf31_h8/last-EVAL_WIN_S-8.0/tables/ALL_EVAL_RESULTS.csv
[2026-08-12 21:41:59]   DONE 'branch2_tcn_rf31_h8': val_model_mae=nan val_chrom_mae=nan
[2026-08-12 21:41:59] ----------------------------------------------------------------------
[2026-08-12 21:41:59] [3/3] MODEL: branch3_unet
[2026-08-12 21:41:59]   built 'branch3_unet': params=168401, reach=96 samples (3.20s @30fps)
[2026-08-12 21:46:29]     epoch   1 | train_loss=3.2319 val_loss=3.0941 val_hr_mae=12.563 lr=3.0e-04
[2026-08-12 22:26:49]     epoch  10 | train_loss=2.9496 val_loss=2.9707 val_hr_mae=3.319 lr=3.0e-04
[2026-08-12 23:11:17]     epoch  20 | train_loss=2.8745 val_loss=2.8612 val_hr_mae=3.692 lr=3.0e-04
[2026-08-12 23:55:59]     epoch  30 | train_loss=2.7688 val_loss=2.7274 val_hr_mae=5.069 lr=3.0e-04
[2026-08-13 00:40:25]     epoch  40 | train_loss=2.7151 val_loss=2.6628 val_hr_mae=7.302 lr=3.0e-04
[2026-08-13 01:24:59]     epoch  50 | train_loss=2.6484 val_loss=2.6466 val_hr_mae=6.274 lr=1.5e-04
[2026-08-13 02:09:42]     epoch  60 | train_loss=2.6337 val_loss=2.6198 val_hr_mae=6.794 lr=1.5e-04
[2026-08-13 02:54:35]     epoch  70 | train_loss=2.5857 val_loss=2.6157 val_hr_mae=6.938 lr=7.5e-05
[2026-08-13 03:39:21]     epoch  80 | train_loss=2.5731 val_loss=2.6109 val_hr_mae=6.994 lr=1.9e-05
[2026-08-13 04:23:56]     epoch  90 | train_loss=2.5713 val_loss=2.6081 val_hr_mae=6.987 lr=1.0e-05
[2026-08-13 05:08:23]     epoch 100 | train_loss=2.5658 val_loss=2.6091 val_hr_mae=6.925 lr=1.0e-05
[2026-08-13 05:53:08]     epoch 110 | train_loss=2.5653 val_loss=2.6045 val_hr_mae=7.009 lr=1.0e-05
[2026-08-13 06:37:47]     epoch 120 | train_loss=2.5610 val_loss=2.6043 val_hr_mae=6.820 lr=1.0e-05
[2026-08-13 07:22:34]     epoch 130 | train_loss=2.5593 val_loss=2.6057 val_hr_mae=6.905 lr=1.0e-05
[2026-08-13 08:07:05]     epoch 140 | train_loss=2.5576 val_loss=2.6042 val_hr_mae=6.883 lr=1.0e-05
[2026-08-13 08:51:42]     epoch 150 | train_loss=2.5581 val_loss=2.6069 val_hr_mae=6.933 lr=1.0e-05
[2026-08-13 09:36:11]     epoch 160 | train_loss=2.5538 val_loss=2.6004 val_hr_mae=7.085 lr=1.0e-05
[2026-08-13 10:20:58]     epoch 170 | train_loss=2.5523 val_loss=2.6019 val_hr_mae=6.890 lr=1.0e-05
[2026-08-13 11:05:56]     epoch 180 | train_loss=2.5513 val_loss=2.6064 val_hr_mae=6.898 lr=1.0e-05
[2026-08-13 11:08:32] ======================================================================
[2026-08-13 11:08:32] MEGA RUN start | device=cuda | models=1 | epochs<= 300 | root=/media/data/rPPG/Code/GitHub/Project_rPPG_Result/Result_Lab_MultiBranch_STANDALONE
[2026-08-13 11:08:32] models: ['branch3_unet']
[2026-08-13 11:08:32] ======================================================================
[2026-08-13 11:08:32] ----------------------------------------------------------------------
[2026-08-13 11:08:32] [1/1] MODEL: branch3_unet
[2026-08-13 11:08:32]   built 'branch3_unet': params=168401, reach=96 samples (3.20s @30fps)
[2026-08-13 11:13:13]     epoch   1 | train_loss=3.1943 val_loss=3.0933 val_hr_mae=22.717 lr=3.0e-04
[2026-08-13 11:53:59]     epoch  10 | train_loss=2.9670 val_loss=2.9867 val_hr_mae=3.702 lr=3.0e-04
[2026-08-13 12:38:58]     epoch  20 | train_loss=2.9171 val_loss=2.9211 val_hr_mae=3.328 lr=3.0e-04
[2026-08-13 13:24:32]     epoch  30 | train_loss=2.7710 val_loss=2.6907 val_hr_mae=6.246 lr=3.0e-04
[2026-08-13 14:09:11]     epoch  40 | train_loss=2.6279 val_loss=2.6394 val_hr_mae=6.755 lr=3.0e-04
[2026-08-13 14:52:48]     epoch  50 | train_loss=2.5871 val_loss=2.6214 val_hr_mae=6.831 lr=3.0e-04
[2026-08-13 15:36:34]     epoch  60 | train_loss=2.5449 val_loss=2.6129 val_hr_mae=7.371 lr=1.5e-04
[2026-08-13 16:20:19]     epoch  70 | train_loss=2.5237 val_loss=2.6075 val_hr_mae=7.772 lr=7.5e-05
[2026-08-13 17:03:34]     epoch  80 | train_loss=2.5145 val_loss=2.6161 val_hr_mae=8.066 lr=7.5e-05
[2026-08-13 17:47:13]     epoch  90 | train_loss=2.5048 val_loss=2.6095 val_hr_mae=8.010 lr=3.7e-05
[2026-08-13 18:30:56]     epoch 100 | train_loss=2.4965 val_loss=2.6157 val_hr_mae=8.361 lr=1.0e-05
[2026-08-13 19:10:21]     early stop at epoch 109 (no val-loss improvement for 30)
[2026-08-13 19:10:21]   trained 'branch3_unet': epochs_run=109 best_val_loss=2.6040 best_val_hr_mae=2.717
[2026-08-13 19:15:55]   WARNING: eval CSV not found at /media/data/rPPG/Code/GitHub/Project_rPPG_Result/Result_Lab_MultiBranch_STANDALONE/branch3_unet/last-EVAL_WIN_S-8.0/tables/ALL_EVAL_RESULTS.csv
[2026-08-13 19:15:55]   DONE 'branch3_unet': val_model_mae=nan val_chrom_mae=nan
[2026-08-13 19:15:55] ======================================================================
[2026-08-13 19:15:55] MEGA RUN complete. Summary -> /media/data/rPPG/Code/GitHub/Project_rPPG_Result/Result_Lab_MultiBranch_STANDALONE/MEGA_SUMMARY.csv
[2026-08-13 19:15:55] ======================================================================
