[2026-08-21 14:47:33] ======================================================================
[2026-08-21 14:47:33] MEGA RUN start | device=cuda | models=6 | epochs<= 300 | root=/media/data/rPPG/Code/GitHub/Project_rPPG_Result/Result_Lab_MultiBranch_Stage-A_Pearson+Concentration_[Fixed-Split]
[2026-08-21 14:47:33] models: ['branch1_projector', 'branch2_tcn_rf31_h8', 'branch3_MiUNet', 'branch3_MMiUNet', 'three_branch_mi_static_linear', 'three_branch_mmi_static_linear']
[2026-08-21 14:47:33] ======================================================================
[2026-08-21 14:47:33] ----------------------------------------------------------------------
[2026-08-21 14:47:33] [1/6] MODEL: branch1_projector
[2026-08-21 14:47:33]   built 'branch1_projector': params=3, reach=1 samples (0.03s @30fps)
[2026-08-21 14:51:24]     epoch   1 | train_loss=2.0840 val_loss=1.5703 val_hr_mae=3.142 lr=3.0e-04
[2026-08-21 15:24:38]     epoch  10 | train_loss=1.8417 val_loss=1.5357 val_hr_mae=2.859 lr=3.0e-04
[2026-08-21 16:00:16]     epoch  20 | train_loss=1.8415 val_loss=1.5389 val_hr_mae=2.905 lr=1.5e-04
[2026-08-21 16:35:42]     epoch  30 | train_loss=1.8420 val_loss=1.5392 val_hr_mae=2.896 lr=7.5e-05
[2026-08-21 17:10:46] ======================================================================
[2026-08-21 17:10:46] MEGA RUN start | device=cuda | models=6 | epochs<= 300 | root=/media/data/rPPG/Code/GitHub/Project_rPPG_Result/Result_Lab_MultiBranch_Stage-A_Pearson+Concentration_[Fixed-Split]
[2026-08-21 17:10:46] models: ['branch1_projector', 'branch2_tcn_rf31_h8', 'branch3_MiUNet', 'branch3_MMiUNet', 'three_branch_mi_static_linear', 'three_branch_mmi_static_linear']
[2026-08-21 17:10:46] ======================================================================
[2026-08-21 17:10:46] ----------------------------------------------------------------------
[2026-08-21 17:10:46] [1/6] MODEL: branch1_projector
[2026-08-21 17:10:46]   built 'branch1_projector': params=3, reach=1 samples (0.03s @30fps)
[2026-08-21 17:14:38]     epoch   1 | train_loss=2.0840 val_loss=1.5703 val_hr_mae=3.142 lr=3.0e-04
[2026-08-21 17:47:06]     epoch  10 | train_loss=1.8417 val_loss=1.5357 val_hr_mae=2.859 lr=3.0e-04
[2026-08-21 18:23:04]     epoch  20 | train_loss=1.8415 val_loss=1.5389 val_hr_mae=2.905 lr=1.5e-04
[2026-08-21 18:58:52]     epoch  30 | train_loss=1.8420 val_loss=1.5392 val_hr_mae=2.896 lr=7.5e-05
[2026-08-21 19:34:42]     epoch  40 | train_loss=1.8426 val_loss=1.5380 val_hr_mae=2.892 lr=1.9e-05
[2026-08-21 19:45:28]     early stop at epoch 43 (no val-loss improvement for 30)
[2026-08-21 19:45:28]   trained 'branch1_projector': epochs_run=43 best_val_loss=1.5341 best_val_hr_mae=2.797
[2026-08-21 19:50:07]   WARNING: eval CSV not found at /media/data/rPPG/Code/GitHub/Project_rPPG_Result/Result_Lab_MultiBranch_Stage-A_Pearson+Concentration_[Fixed-Split]/branch1_projector/last-EVAL_WIN_S-8.0/tables/ALL_EVAL_RESULTS.csv
[2026-08-21 19:50:07]   DONE 'branch1_projector': val_model_mae=nan val_chrom_mae=nan
[2026-08-21 19:50:07] ----------------------------------------------------------------------
[2026-08-21 19:50:07] [2/6] MODEL: branch2_tcn_rf31_h8
[2026-08-21 19:50:07]   built 'branch2_tcn_rf31_h8': params=1169, reach=29 samples (0.97s @30fps)
[2026-08-21 19:53:48]     epoch   1 | train_loss=2.0168 val_loss=1.7003 val_hr_mae=3.015 lr=3.0e-04
[2026-08-21 20:27:04]     epoch  10 | train_loss=1.6315 val_loss=1.4312 val_hr_mae=5.265 lr=3.0e-04
[2026-08-21 21:03:45]     epoch  20 | train_loss=1.5839 val_loss=1.3074 val_hr_mae=2.293 lr=3.0e-04
[2026-08-21 21:40:39]     epoch  30 | train_loss=1.5659 val_loss=1.3066 val_hr_mae=2.383 lr=1.5e-04
[2026-08-21 22:17:27]     epoch  40 | train_loss=1.5603 val_loss=1.3042 val_hr_mae=2.313 lr=7.5e-05
[2026-08-21 22:54:20]     epoch  50 | train_loss=1.5614 val_loss=1.3022 val_hr_mae=2.364 lr=7.5e-05
[2026-08-21 23:31:04]     epoch  60 | train_loss=1.5551 val_loss=1.3099 val_hr_mae=2.513 lr=3.7e-05
[2026-08-22 00:08:28]     epoch  70 | train_loss=1.5571 val_loss=1.3023 val_hr_mae=2.315 lr=1.0e-05
[2026-08-22 00:47:43]     epoch  80 | train_loss=1.5563 val_loss=1.3041 val_hr_mae=2.391 lr=1.0e-05
[2026-08-22 01:27:00]     epoch  90 | train_loss=1.5510 val_loss=1.3028 val_hr_mae=2.374 lr=1.0e-05
[2026-08-22 02:05:29]     epoch 100 | train_loss=1.5525 val_loss=1.3032 val_hr_mae=2.342 lr=1.0e-05
[2026-08-22 02:35:04]     early stop at epoch 108 (no val-loss improvement for 30)
[2026-08-22 02:35:04]   trained 'branch2_tcn_rf31_h8': epochs_run=108 best_val_loss=1.3015 best_val_hr_mae=2.292
[2026-08-22 02:40:53]   WARNING: eval CSV not found at /media/data/rPPG/Code/GitHub/Project_rPPG_Result/Result_Lab_MultiBranch_Stage-A_Pearson+Concentration_[Fixed-Split]/branch2_tcn_rf31_h8/last-EVAL_WIN_S-8.0/tables/ALL_EVAL_RESULTS.csv
[2026-08-22 02:40:53]   DONE 'branch2_tcn_rf31_h8': val_model_mae=nan val_chrom_mae=nan
[2026-08-22 02:40:53] ----------------------------------------------------------------------
[2026-08-22 02:40:53] [3/6] MODEL: branch3_MiUNet
[2026-08-22 02:40:53]   built 'branch3_MiUNet': params=168401, reach=96 samples (3.20s @30fps)
[2026-08-22 02:44:45]     epoch   1 | train_loss=1.8954 val_loss=1.5414 val_hr_mae=6.367 lr=3.0e-04
[2026-08-22 03:19:11]     epoch  10 | train_loss=1.3420 val_loss=1.1308 val_hr_mae=2.507 lr=3.0e-04
[2026-08-22 03:57:19]     epoch  20 | train_loss=1.1937 val_loss=1.0029 val_hr_mae=2.113 lr=3.0e-04
[2026-08-22 04:36:14]     epoch  30 | train_loss=1.0965 val_loss=0.9804 val_hr_mae=1.933 lr=3.0e-04
[2026-08-22 05:14:05]     epoch  40 | train_loss=1.0372 val_loss=0.9346 val_hr_mae=1.784 lr=3.0e-04
[2026-08-22 05:51:55]     epoch  50 | train_loss=0.9956 val_loss=0.9398 val_hr_mae=1.832 lr=1.5e-04
[2026-08-22 06:29:34]     epoch  60 | train_loss=0.9781 val_loss=0.9383 val_hr_mae=1.933 lr=3.7e-05
[2026-08-22 07:07:14]     epoch  70 | train_loss=0.9719 val_loss=0.9390 val_hr_mae=2.010 lr=1.0e-05
[2026-08-22 07:07:14]     early stop at epoch 70 (no val-loss improvement for 30)
[2026-08-22 07:07:14]   trained 'branch3_MiUNet': epochs_run=70 best_val_loss=0.9346 best_val_hr_mae=1.784
[2026-08-22 07:12:46]   WARNING: eval CSV not found at /media/data/rPPG/Code/GitHub/Project_rPPG_Result/Result_Lab_MultiBranch_Stage-A_Pearson+Concentration_[Fixed-Split]/branch3_MiUNet/last-EVAL_WIN_S-8.0/tables/ALL_EVAL_RESULTS.csv
[2026-08-22 07:12:46]   DONE 'branch3_MiUNet': val_model_mae=nan val_chrom_mae=nan
[2026-08-22 07:12:46] ----------------------------------------------------------------------
[2026-08-22 07:12:46] [4/6] MODEL: branch3_MMiUNet
[2026-08-22 07:12:46]   built 'branch3_MMiUNet': params=42345, reach=96 samples (3.20s @30fps)
[2026-08-22 07:16:34]     epoch   1 | train_loss=1.9447 val_loss=1.5106 val_hr_mae=4.022 lr=3.0e-04
[2026-08-22 07:50:29]     epoch  10 | train_loss=1.4785 val_loss=1.2325 val_hr_mae=2.252 lr=3.0e-04
[2026-08-22 08:28:03]     epoch  20 | train_loss=1.4447 val_loss=1.2294 val_hr_mae=2.102 lr=1.5e-04
[2026-08-22 09:05:36]     epoch  30 | train_loss=1.4094 val_loss=1.1977 val_hr_mae=1.989 lr=1.5e-04
[2026-08-22 09:43:24]     epoch  40 | train_loss=1.3620 val_loss=1.1690 val_hr_mae=2.015 lr=1.5e-04
[2026-08-22 10:21:05]     epoch  50 | train_loss=1.3172 val_loss=1.1114 val_hr_mae=1.994 lr=1.5e-04
[2026-08-22 10:58:52]     epoch  60 | train_loss=1.2944 val_loss=1.0815 val_hr_mae=1.935 lr=1.5e-04
[2026-08-22 11:36:35]     epoch  70 | train_loss=1.2645 val_loss=1.0568 val_hr_mae=1.850 lr=1.5e-04
[2026-08-22 12:14:21]     epoch  80 | train_loss=1.2346 val_loss=1.0543 val_hr_mae=1.682 lr=1.5e-04
[2026-08-22 12:51:56]     epoch  90 | train_loss=1.2032 val_loss=1.0148 val_hr_mae=1.954 lr=1.5e-04
[2026-08-22 13:29:38]     epoch 100 | train_loss=1.1759 val_loss=0.9999 val_hr_mae=1.779 lr=1.5e-04
[2026-08-22 14:08:11]     epoch 110 | train_loss=1.1531 val_loss=0.9994 val_hr_mae=2.000 lr=1.5e-04
[2026-08-22 14:48:31]     epoch 120 | train_loss=1.1362 val_loss=0.9836 val_hr_mae=2.017 lr=1.5e-04
[2026-08-22 15:29:58]     epoch 130 | train_loss=1.1226 val_loss=0.9795 val_hr_mae=2.071 lr=1.5e-04
[2026-08-22 16:11:24]     epoch 140 | train_loss=1.1020 val_loss=0.9654 val_hr_mae=1.741 lr=7.5e-05
[2026-08-22 16:55:05]     epoch 150 | train_loss=1.0940 val_loss=0.9653 val_hr_mae=1.818 lr=3.7e-05
[2026-08-22 17:37:47]     epoch 160 | train_loss=1.0927 val_loss=0.9656 val_hr_mae=1.764 lr=1.0e-05
[2026-08-22 18:16:14]     epoch 170 | train_loss=1.0894 val_loss=0.9671 val_hr_mae=1.919 lr=1.0e-05
[2026-08-22 18:54:33]     epoch 180 | train_loss=1.0878 val_loss=0.9632 val_hr_mae=1.773 lr=1.0e-05
[2026-08-22 19:32:58]     epoch 190 | train_loss=1.0877 val_loss=0.9660 val_hr_mae=1.753 lr=1.0e-05
[2026-08-22 20:11:20]     epoch 200 | train_loss=1.0871 val_loss=0.9641 val_hr_mae=1.819 lr=1.0e-05
[2026-08-22 20:49:44]     epoch 210 | train_loss=1.0867 val_loss=0.9630 val_hr_mae=1.853 lr=1.0e-05
[2026-08-22 21:28:13]     epoch 220 | train_loss=1.0854 val_loss=0.9611 val_hr_mae=1.865 lr=1.0e-05
[2026-08-22 21:58:51]     early stop at epoch 228 (no val-loss improvement for 30)
[2026-08-22 21:58:51]   trained 'branch3_MMiUNet': epochs_run=228 best_val_loss=0.9608 best_val_hr_mae=1.660
[2026-08-22 22:04:21]   WARNING: eval CSV not found at /media/data/rPPG/Code/GitHub/Project_rPPG_Result/Result_Lab_MultiBranch_Stage-A_Pearson+Concentration_[Fixed-Split]/branch3_MMiUNet/last-EVAL_WIN_S-8.0/tables/ALL_EVAL_RESULTS.csv
[2026-08-22 22:04:21]   DONE 'branch3_MMiUNet': val_model_mae=nan val_chrom_mae=nan
[2026-08-22 22:04:21] ----------------------------------------------------------------------
[2026-08-22 22:04:21] [5/6] MODEL: three_branch_mi_static_linear
[2026-08-22 22:04:21]   built 'three_branch_mi_static_linear': params=169573, reach=96 samples (3.20s @30fps)
[2026-08-22 22:08:11]     epoch   1 | train_loss=1.7600 val_loss=1.2523 val_hr_mae=2.426 lr=3.0e-04
[2026-08-22 22:46:08]     epoch  10 | train_loss=1.2537 val_loss=1.0444 val_hr_mae=1.902 lr=3.0e-04
[2026-08-22 23:29:07]     epoch  20 | train_loss=1.1449 val_loss=0.9562 val_hr_mae=2.043 lr=3.0e-04
[2026-08-23 00:11:06]     epoch  30 | train_loss=1.0661 val_loss=0.9421 val_hr_mae=2.006 lr=3.0e-04
[2026-08-23 15:09:33] ======================================================================
[2026-08-23 15:09:33] MEGA RUN start | device=cuda | models=2 | epochs<= 300 | root=/media/data/rPPG/Code/GitHub/Project_rPPG_Result/Result_Lab_MultiBranch_Stage-A_Pearson+Concentration_[Fixed-Split]
[2026-08-23 15:09:33] models: ['three_branch_mi_static_linear', 'three_branch_mmi_static_linear']
[2026-08-23 15:09:33] ======================================================================
[2026-08-23 15:09:33] ----------------------------------------------------------------------
[2026-08-23 15:09:33] [1/2] MODEL: three_branch_mi_static_linear
[2026-08-23 15:09:33]   built 'three_branch_mi_static_linear': params=169573, reach=96 samples (3.20s @30fps)
